python : Traceback 
(most recent call 
last):
At line:1 char:83
+ ... s\activate ; 
python 
test_db_persist.py > 
test_output.txt 2>&1 
; type  ...
+                  ~~
~~~~~~~~~~~~~~~~~~~~~
~~~~~~~~~~~~~~~~~~~~~
~~~~
    + CategoryInfo   
           : NotSpe  
  cified: (Traceba   
 ck (most recent     
call last)::Stri    
ng) [], RemoteEx    
ception
    + FullyQualified 
   ErrorId : Native  
  CommandError
 
  File "D:\Sem - 6\Pr
ojects\AI\ai1\venv\Li
b\site-packages\sqlal
chemy\engine\base.py"
, line 1967, in 
_exec_single_context
    self.dialect.do_e
xecute(
    ~~~~~~~~~~~~~~~~~
~~~~~~^
        cursor, 
str_statement, effect
ive_parameters, 
context
        ^^^^^^^^^^^^^
^^^^^^^^^^^^^^^^^^^^^
^^^^^^^^^^^^^^^^^^
    )
    ^
  File "D:\Sem - 6\Pr
ojects\AI\ai1\venv\Li
b\site-packages\sqlal
chemy\engine\default.
py", line 952, in 
do_execute
    cursor.execute(st
atement, parameters)
    ~~~~~~~~~~~~~~^^^
^^^^^^^^^^^^^^^^^^^^
sqlite3.OperationalEr
ror: table careers 
has no column named 
career_description

The above exception 
was the direct cause 
of the following 
exception:

Traceback (most 
recent call last):
  File "D:\Sem - 6\Pr
ojects\AI\ai1\queries
.py", line 326, in 
insert_scraped_career
    db.execute(
    ~~~~~~~~~~^
        text("""
        ^^^^^^^^
    ...<9 lines>...
        }
        ^
    )
    ^
  File "D:\Sem - 6\Pr
ojects\AI\ai1\databas
e.py", line 60, in 
execute
    return self._get(
).execute(*args, 
**kwargs)
           ~~~~~~~~~~
~~~~~~~~~^^^^^^^^^^^^
^^^^^
  File "D:\Sem - 6\Pr
ojects\AI\ai1\venv\Li
b\site-packages\sqlal
chemy\orm\session.py"
, line 2351, in 
execute
    return self._exec
ute_internal(
           ~~~~~~~~~~
~~~~~~~~~~~~^
        statement,
        ^^^^^^^^^^
    ...<4 lines>...
        _add_event=_a
dd_event,
        ^^^^^^^^^^^^^
^^^^^^^^^
    )
    ^
  File "D:\Sem - 6\Pr
ojects\AI\ai1\venv\Li
b\site-packages\sqlal
chemy\orm\session.py"
, line 2258, in 
_execute_internal
    result = 
conn.execute(
        statement, 
params or {}, executi
on_options=execution_
options
    )
  File "D:\Sem - 6\Pr
ojects\AI\ai1\venv\Li
b\site-packages\sqlal
chemy\engine\base.py"
, line 1419, in 
execute
    return meth(
        self,
        
distilled_parameters,
        
execution_options or 
NO_OPTIONS,
    )
  File "D:\Sem - 6\Pr
ojects\AI\ai1\venv\Li
b\site-packages\sqlal
chemy\sql\elements.py
", line 527, in _exec
ute_on_connection
    return connection
._execute_clauseeleme
nt(
           ~~~~~~~~~~
~~~~~~~~~~~~~~~~~~~~~
~~^
        self, 
distilled_params, 
execution_options
        ^^^^^^^^^^^^^
^^^^^^^^^^^^^^^^^^^^^
^^^^^^^
    )
    ^
  File "D:\Sem - 6\Pr
ojects\AI\ai1\venv\Li
b\site-packages\sqlal
chemy\engine\base.py"
, line 1641, in _exec
ute_clauseelement
    ret = self._execu
te_context(
        dialect,
    ...<8 lines>...
        
cache_hit=cache_hit,
    )
  File "D:\Sem - 6\Pr
ojects\AI\ai1\venv\Li
b\site-packages\sqlal
chemy\engine\base.py"
, line 1846, in 
_execute_context
    return self._exec
_single_context(
           ~~~~~~~~~~
~~~~~~~~~~~~~~~^
        dialect, 
context, statement, 
parameters
        ^^^^^^^^^^^^^
^^^^^^^^^^^^^^^^^^^^^
^^^^^
    )
    ^
  File "D:\Sem - 6\Pr
ojects\AI\ai1\venv\Li
b\site-packages\sqlal
chemy\engine\base.py"
, line 1986, in 
_exec_single_context
    self._handle_dbap
i_exception(
    ~~~~~~~~~~~~~~~~~
~~~~~~~~~~~^
        e, 
str_statement, effect
ive_parameters, 
cursor, context
        ^^^^^^^^^^^^^
^^^^^^^^^^^^^^^^^^^^^
^^^^^^^^^^^^^^^^^^^^^
    )
    ^
  File "D:\Sem - 6\Pr
ojects\AI\ai1\venv\Li
b\site-packages\sqlal
chemy\engine\base.py"
, line 2363, in _hand
le_dbapi_exception
    raise sqlalchemy_
exception.with_traceb
ack(exc_info[2]) 
from e
  File "D:\Sem - 6\Pr
ojects\AI\ai1\venv\Li
b\site-packages\sqlal
chemy\engine\base.py"
, line 1967, in 
_exec_single_context
    self.dialect.do_e
xecute(
    ~~~~~~~~~~~~~~~~~
~~~~~~^
        cursor, 
str_statement, effect
ive_parameters, 
context
        ^^^^^^^^^^^^^
^^^^^^^^^^^^^^^^^^^^^
^^^^^^^^^^^^^^^^^^
    )
    ^
  File "D:\Sem - 6\Pr
ojects\AI\ai1\venv\Li
b\site-packages\sqlal
chemy\engine\default.
py", line 952, in 
do_execute
    cursor.execute(st
atement, parameters)
    ~~~~~~~~~~~~~~^^^
^^^^^^^^^^^^^^^^^^^^
sqlalchemy.exc.Operat
ionalError: (sqlite3.
OperationalError) 
table careers has no 
column named 
career_description
[SQL: 
                    
INSERT INTO careers 
(career_name, 
career_description, 
avg_salary_lpa, 
demand_score, 
growth_score)
                    
VALUES (?, ?, ?, ?, 
?)
                ]
[parameters: 
('Bio-Robotics 
Surgeon', 
"'Bio-Robotics 
Surgeon' is a 
specialized career 
path identified 
through web 
discovery. It 
involves 
industry-specific 
expertise and high 
growth potential.", 
8.5, 75, 80)]
(Background on this 
error at: https://sql
alche.me/e/20/e3q8)
Testing persistence for: Bio-Robotics Surgeon
Scraper data: {'source': 'Dynamic Web Discovery', 'career_name': 'Bio-Robotics Surgeon', 'description': "'Bio-Robotics Surgeon' is a specialized career path identified through web discovery. It involves industry-specific expertise and high growth potential.", 'avg_salary': 8.5, 'skills': [{'name': 'Domain Expertise', 'importance': 5}, {'name': 'Problem Solving', 'importance': 4}, {'name': 'Communication', 'importance': 3}], 'demand_score': 75, 'growth_score': 80, 'streams': ['Technology', 'Professional Services'], 'found': False}
ERROR: Failed to connect to Supabase: (psycopg2.OperationalError) connection to server at "db.ufnvabemzpmszbpgwrce.supabase.co" (2406:da1a:6b0:f604:134d:7a39:6f02:a58f), port 5432 failed: timeout expired

(Background on this error at: https://sqlalche.me/e/20/e3q8). Falling back to SQLite.
Connected to Local SQLite
DEBUG: Inserting career 'Bio-Robotics Surgeon'
Error inserting scraped career: (sqlite3.OperationalError) table careers has no column named career_description
[SQL: 
                    INSERT INTO careers (career_name, career_description, avg_salary_lpa, demand_score, growth_score)
                    VALUES (?, ?, ?, ?, ?)
                ]
[parameters: ('Bio-Robotics Surgeon', "'Bio-Robotics Surgeon' is a specialized career path identified through web discovery. It involves industry-specific expertise and high growth potential.", 8.5, 75, 80)]
(Background on this error at: https://sqlalche.me/e/20/e3q8)
Inserted Career ID: None
ERROR: cid is None, insertion failed.
